// Jest Snapshot v1, https://goo.gl/fbAQLP

exports[`App should render All Posts  1`] = `
<div>
  LOADING...
</div>
`;
